---------------------------------------------------------------------------------------------
                                       *** REPORT ***
---------------------------------------------------------------------------------------------
ELAPSED TIME                                          : Almost 0 sec
TOTAL NUMBER OF ITERATIONS DONE                       : 126
BEST SOLUTION FOUND AT ITERATION                      : 18 OF VARIANT: 6
TOTAL NUMBER OF BOXES                                 : 39
PACKED NUMBER OF BOXES                                : 35
TOTAL VOLUME OF ALL BOXES                             : 838656
PALLET VOLUME                                         : 838656
BEST SOLUTION'S VOLUME UTILIZATION                    : 708456 OUT OF 838656
PERCENTAGE OF PALLET VOLUME USED                      : 84.475160 %
PERCENTAGE OF PACKED BOXES (VOLUME)                   : 84.475160 %
WHILE PALLET ORIENTATION                              : X=96; Y=84; Z= 104
---------------------------------------------------------------------------------------------
  NO: PACKSTA DIMEN-1  DMEN-2  DIMEN-3   COOR-X   COOR-Y   COOR-Z   PACKEDX  PACKEDY  PACKEDZ
---------------------------------------------------------------------------------------------
   33    1       52       60       42        0        0        0       42       60       52
   10    1       36       46       84        0       60        0       84       36       46
   34    1       52       60       42       42        0        0       42       60       52
   13    1       16       46       32       84        0        0       16       32       46
   14    1       16       46       32       84       32        0       16       32       46
   11    1       16       46       10       84       64        0       10       16       46
   12    1       16       46       10       84       80        0       10       16       46
   21    1       12       30        7       94       64        0        7       12       30
   22    1       12       30        7       94       76        0        7       12       30
   16    1       20       30       69        0        0       52       20       69       30
    3    1       25       20       30        0       69       52       20       25       30
   17    1       20       30       21       20        0       52       20       21       30
   18    1       20       30       21       20       21       52       20       21       30
   19    1       20       30       21       20       42       52       20       21       30
   20    1       20       30       21       20       63       52       20       21       30
   23    1       12       30        7       20       84       52        7       12       30
   24    1       12       30        7       27       84       52        7       12       30
   25    1       12       30        7       34       84       52        7       12       30
   15    1       20       30       15       40       64       52       15       20       30
   26    1       12       30        7       40       52       52        7       12       30
   27    1       12       30        7       40       40       52        7       12       30
   28    1       12       30        7       40       28       52        7       12       30
   29    1       12       30        7       40       16       52        7       12       30
   30    1       12       30        7       40        4       52        7       12       30
   31    1       12       30        7       41       84       52        7       12       30
   32    1       12       30        7       47       52       52        7       12       30
    5    1       25       20       29       47       27       52       20       25       29
   35    1       26       36       21       47        6       52       36       21       26
    6    1        8       20       21       48       84       52       20        8       21
    7    1        8       20       21       54       52       52       20        8       21
   36    1       26       36       21       55       60       52       36       21       26
   37    1       26       36       21       67       27       52       36       21       26
    8    1        8       20       21       68       81       52       20        8       21
    9    1        8       20       21       74       48       52       20        8       21
    4    1       25       20       25       83        2       52       20       25       25


 *** LIST OF UNPACKED BOXES ***
    1   19   20   42
    2   19   20   42
   38   26   36   21
   39   26   36   84
