---------------------------------------------------------------------------------------------
                                       *** REPORT ***
---------------------------------------------------------------------------------------------
ELAPSED TIME                                          : Almost 0 sec
TOTAL NUMBER OF ITERATIONS DONE                       : 72
BEST SOLUTION FOUND AT ITERATION                      : 9 OF VARIANT: 4
TOTAL NUMBER OF BOXES                                 : 86
PACKED NUMBER OF BOXES                                : 82
TOTAL VOLUME OF ALL BOXES                             : 838656
PALLET VOLUME                                         : 838656
BEST SOLUTION'S VOLUME UTILIZATION                    : 768096 OUT OF 838656
PERCENTAGE OF PALLET VOLUME USED                      : 91.586538 %
PERCENTAGE OF PACKED BOXES (VOLUME)                   : 91.586538 %
WHILE PALLET ORIENTATION                              : X=96; Y=104; Z= 84
---------------------------------------------------------------------------------------------
  NO: PACKSTA DIMEN-1  DMEN-2  DIMEN-3   COOR-X   COOR-Y   COOR-Z   PACKEDX  PACKEDY  PACKEDZ
---------------------------------------------------------------------------------------------
   51    1       16       14       25        0        0        0       14       25       16
   52    1       16       14       25        0       25        0       14       25       16
   53    1       16       14       25        0       50        0       14       25       16
   54    1       16       14       25        0       75        0       14       16       25
   55    1       16       14       25        0       50       16       14       25       16
   56    1       16       14       25        0       25       16       14       25       16
   57    1       16       14       25        0        0       16       14       25       16
   58    1       16       14       25        0       75       25       14       16       25
   59    1       16       14       25        0       50       32       14       25       16
   60    1       16       14       25        0       25       32       14       25       16
   61    1       16       14       25        0        0       32       14       25       16
   62    1       16       14       25        0       50       48       14       25       16
   63    1       16       14       25        0       25       48       14       25       16
   64    1       16       14       25        0        0       48       14       25       16
   65    1       16       14       25        0       75       50       14       16       25
   66    1       16       14       25        0       50       64       14       25       16
   67    1       16       14       25        0       25       64       14       25       16
   68    1       16       14       25        0        0       64       14       25       16
   50    1       20       20       26       14        0        0       26       20       20
   26    1       19       26       20       14       20        0       26       20       19
   27    1       19       26       20       14       40        0       26       20       19
   28    1       19       26       20       14       60        0       26       20       19
   30    1       19       26       16       14       80        0       26       16       19
   46    1       16       26       20       14       20       19       26       20       16
   47    1       16       26       20       14       40       19       26       20       16
   48    1       16       26       20       14       60       19       26       20       16
   31    1       19       26       16       14       80       19       26       16       19
   49    1       16       26       20       14        0       20       26       20       16
   29    1       19       26       20       14       20       35       26       20       19
   32    1       19       26       16       14       40       35       26       19       16
   33    1       19       26       16       14       59       35       26       19       16
   34    1       19       26       16       14        1       36       26       19       16
   35    1       19       26       16       14       78       38       26       16       19
   36    1       19       26       16       14       40       51       26       19       16
   37    1       19       26       16       14       59       51       26       19       16
   38    1       19       26       16       14        1       52       26       19       16
   39    1       19       26       16       14       20       54       26       19       16
   40    1       19       26       16       14       78       57       26       16       19
   41    1       19       26       16       14       39       67       26       19       16
   42    1       19       26       16       14       58       67       26       19       16
   43    1       19       26       16       14        1       68       26       19       16
   69    1       16       14       25       14       20       70       25       16       14
   70    1       16       14       25       40        0        0       25       16       14
   71    1       16       14       25       40       16        0       25       16       14
   72    1       16       14       25       40       32        0       25       16       14
   73    1       16       14       25       40       48        0       25       16       14
   74    1       16       14       25       40       64        0       25       16       14
   75    1       16       14       25       40       80        0       25       16       14
   76    1       16       14       25       40        0       14       25       16       14
   77    1       16       14       25       40       16       14       25       16       14
   78    1       16       14       25       40       32       14       25       16       14
   79    1       16       14       25       40       48       14       25       16       14
   80    1       16       14       25       40       64       14       25       16       14
   81    1       16       14       25       40       80       14       25       16       14
   82    1       16       14       25       40        0       28       25       16       14
   83    1       16       14       25       40       16       28       25       16       14
   84    1       16       14       25       40       32       28       25       16       14
   85    1       16       14       25       40       48       28       25       16       14
   86    1       16       14       25       40       64       28       25       16       14
   44    1       19       26       16       40       80       28       19       16       26
   10    1       24       21       35       40       45       42       24       35       21
   11    1       24       21       35       40       10       42       24       35       21
   45    1       19       26       16       40       80       54       19       16       26
   12    1       24       21       35       40       45       63       24       35       21
   13    1       24       21       35       40       10       63       24       35       21
   14    1       24       21       35       65        0        0       21       35       24
   15    1       24       21       35       65       35        0       21       35       24
   16    1       24       21       35       65       70        0       21       24       35
   17    1       24       21       35       65       35       24       21       35       24
   18    1       24       21       35       65        0       24       21       35       24
   19    1       24       21       35       65       70       35       21       24       35
   20    1       24       21       35       65       35       48       21       35       24
   21    1       24       21       35       65        0       48       21       35       24
    1    1       28       32       18       86        0        0       18       32       28
    2    1       28       32       18       86       32        0       18       32       28
    3    1       28       32       18       86       64        0       18       32       28
    4    1       28       32       18       86        0       28       18       32       28
    5    1       28       32       18       86       32       28       18       32       28
    6    1       28       32       18       86       64       28       18       32       28
    7    1       28       32       18       86        0       56       18       32       28
    8    1       28       32       18       86       32       56       18       32       28
    9    1       28       32       18       86       64       56       18       32       28


 *** LIST OF UNPACKED BOXES ***
   22   24   21   35
   23   24   21   35
   24   24   21   35
   25   24   21   35
