---------------------------------------------------------------------------------------------
                                       *** REPORT ***
---------------------------------------------------------------------------------------------
ELAPSED TIME                                          : Almost 0 sec
TOTAL NUMBER OF ITERATIONS DONE                       : 288
BEST SOLUTION FOUND AT ITERATION                      : 48 OF VARIANT: 5
TOTAL NUMBER OF BOXES                                 : 31
PACKED NUMBER OF BOXES                                : 26
TOTAL VOLUME OF ALL BOXES                             : 848256
PALLET VOLUME                                         : 838656
BEST SOLUTION'S VOLUME UTILIZATION                    : 575802 OUT OF 838656
PERCENTAGE OF PALLET VOLUME USED                      : 68.657709 %
PERCENTAGE OF PACKED BOXES (VOLUME)                   : 67.880687 %
WHILE PALLET ORIENTATION                              : X=104; Y=84; Z= 96
---------------------------------------------------------------------------------------------
  NO: PACKSTA DIMEN-1  DMEN-2  DIMEN-3   COOR-X   COOR-Y   COOR-Z   PACKEDX  PACKEDY  PACKEDZ
---------------------------------------------------------------------------------------------
   16    1       46       47       48        0        0        0       47       46       48
   31    1       44       45       46       47        0        0       45       44       46
   20    1       11       12       13       92        0        0       12       11       13
    4    1       10       11       12       92       11        0       11       10       12
    1    1        1        2        3      103       11        0        1        2        3
   19    1        8        9       10       92       21        0        9        8       10
   17    1        2        3        4      101       21        0        3        2        4
    3    1        7        8        9       92       29        0        8        7        9
    2    1        4        5        6      100       29        0        4        5        6
   18    1        5        6        7       92       36        0        6        5        7
   15    1       43       44       45       47       44        0       44       43       45
    5    1       13       14       15       91       44        0       13       14       15
   30    1       41       42       43        5       46        0       42       41       43
   10    1       28       29       30        0        0       48       30       29       28
   25    1       26       27       28       30        0       48       27       26       28
    9    1       25       26       27       57        0       48       26       25       27
   23    1       20       21       22       83        0       48       21       20       22
    7    1       19       20       21       83       20       48       20       19       21
   24    1       23       24       25       57       25       48       24       23       25
    8    1       22       23       24       34       26       48       23       22       24
   22    1       17       18       19       16       29       48       18       17       19
    6    1       16       17       18        0       29       48       16       17       18
   21    1       14       15       16       81       39       48       15       14       16
   26    1       29       30       31        0       53       48       31       30       29
   11    1       31       32       33       31       53       48       33       32       31
   27    1       32       33       34       64       53       48       34       33       32


 *** LIST OF UNPACKED BOXES ***
   12   34   35   36
   13   37   38   39
   14   40   41   42
   28   35   36   37
   29   38   39   40
